DEBUG    faiss.loader:loader.py:96 Environment variable FAISS_OPT_LEVEL is not set, so let's pick the instruction set according to the current CPU
INFO     faiss.loader:loader.py:156 Loading faiss.
INFO     faiss.loader:loader.py:158 Successfully loaded faiss.
